-- west build: generating a build system
Loading Zephyr default modules (Zephyr base).
-- Application: /Users/jhummel2/wireless-ferris-sweep-zmk/zmk/app
-- CMake version: 4.2.1
-- Found Python3: /Users/jhummel2/wireless-ferris-sweep-zmk/venv/bin/python3 (found suitable version "3.13.5", minimum required is "3.10") found components: Interpreter
-- Cache files will be written to: /Users/jhummel2/Library/Caches/zephyr
-- Zephyr version: 4.1.0 (/Users/jhummel2/wireless-ferris-sweep-zmk/zephyr)
-- Found west (found suitable version "1.5.0", minimum required is "0.14.0")
-- Board: nice_nano, Revision: 2.0.0, qualifiers: nrf52840
-- Shield(s): sleeky_left
Checking /Users/jhummel2/wireless-ferris-sweep-zmk
Checking /Users/jhummel2/wireless-ferris-sweep-zmk/zmk/app/module
Checking /Users/jhummel2/wireless-ferris-sweep-zmk/zmk/app
found /Users/jhummel2/wireless-ferris-sweep-zmk/zmk/app
-- ZMK Config directory: /Users/jhummel2/wireless-ferris-sweep-zmk/config
-- ZMK Config Kconfig: /Users/jhummel2/wireless-ferris-sweep-zmk/config/sleeky.conf
-- ZMK Config Kconfig: /Users/jhummel2/wireless-ferris-sweep-zmk/config/sleeky.conf
nice_nano_nrf52840 for _nrf52840 for nice_nano with version 2.0.0
-- Using keymap file: /Users/jhummel2/wireless-ferris-sweep-zmk/config/sleeky.keymap
-- Using keymap file: /Users/jhummel2/wireless-ferris-sweep-zmk/config/sleeky.keymap
Checking /Users/jhummel2/wireless-ferris-sweep-zmk/zephyr
-- ZEPHYR_TOOLCHAIN_VARIANT not set, trying to locate Zephyr SDK
-- Found host-tools: zephyr 0.16.9 (/Users/jhummel2/zephyr-sdk-0.16.9)
-- Found toolchain: zephyr 0.16.9 (/Users/jhummel2/zephyr-sdk-0.16.9)
-- Found Dtc: /opt/homebrew/bin/dtc (found suitable version "1.7.2", minimum required is "1.4.6")
-- Found BOARD.dts: /Users/jhummel2/wireless-ferris-sweep-zmk/zmk/app/module/boards/nicekeyboards/nice_nano/nice_nano.dts
-- Found devicetree overlay: /Users/jhummel2/wireless-ferris-sweep-zmk/boards/shields/sleeky/sleeky_left.overlay
-- Found devicetree overlay: /Users/jhummel2/wireless-ferris-sweep-zmk/config/sleeky.keymap
'tapping_term_ms' is marked as deprecated in 'properties:' in /Users/jhummel2/wireless-ferris-sweep-zmk/zmk/app/dts/bindings/behaviors/zmk,behavior-hold-tap.yaml for node /behaviors/mod_tap.
'label' is marked as deprecated in 'properties:' in /Users/jhummel2/wireless-ferris-sweep-zmk/zmk/app/dts/bindings/behaviors/zmk,behavior-hold-tap.yaml for node /behaviors/bt_0_hold.
'label' is marked as deprecated in 'properties:' in /Users/jhummel2/wireless-ferris-sweep-zmk/zmk/app/dts/bindings/behaviors/zmk,behavior-hold-tap.yaml for node /behaviors/bt_1_hold.
'label' is marked as deprecated in 'properties:' in /Users/jhummel2/wireless-ferris-sweep-zmk/zmk/app/dts/bindings/behaviors/zmk,behavior-macro.yaml for node /macros/bt_prof_0.
'label' is marked as deprecated in 'properties:' in /Users/jhummel2/wireless-ferris-sweep-zmk/zmk/app/dts/bindings/behaviors/zmk,behavior-macro.yaml for node /macros/bt_prof_1.
-- Generated zephyr.dts: /Users/jhummel2/wireless-ferris-sweep-zmk/zmk/app/build/left/zephyr/zephyr.dts
-- Generated pickled edt: /Users/jhummel2/wireless-ferris-sweep-zmk/zmk/app/build/left/zephyr/edt.pickle
-- Generated devicetree_generated.h: /Users/jhummel2/wireless-ferris-sweep-zmk/zmk/app/build/left/zephyr/include/generated/zephyr/devicetree_generated.h
-- Including generated dts.cmake file: /Users/jhummel2/wireless-ferris-sweep-zmk/zmk/app/build/left/zephyr/dts.cmake

warning: Deprecated symbol KSCAN is enabled.


warning: USB_CDC_ACM (defined at subsys/usb/device/class/Kconfig.cdc:6) has direct dependencies SERIAL && DT_HAS_ZEPHYR_CDC_ACM_UART_ENABLED && USB_DEVICE_STACK with value n, but is currently being y-selected by the following symbols:
 - ZMK_USB_LOGGING (defined at /Users/jhummel2/wireless-ferris-sweep-zmk/zmk/app/Kconfig:547), with value y, direct dependencies y (value: y)

warning: UART_CONSOLE (defined at drivers/console/Kconfig:42) has direct dependencies SERIAL && SERIAL_HAS_DRIVER && CONSOLE with value n, but is currently being y-selected by the following symbols:
 - ZMK_USB_LOGGING (defined at /Users/jhummel2/wireless-ferris-sweep-zmk/zmk/app/Kconfig:547), with value y, direct dependencies y (value: y)

warning: UART_INTERRUPT_DRIVEN (defined at boards/shields/sparkfun_sara_r4/Kconfig.defconfig:24, boards/shields/wnc_m14a2a/Kconfig.defconfig:17, soc/quicklogic/eos_s3/Kconfig.defconfig:14, drivers/serial/Kconfig:72) has direct dependencies (NETWORKING && SHIELD_SPARKFUN_SARA_R4) || (NETWORKING && SHIELD_WNC_M14A2A) || (SERIAL && SOC_EOS_S3) || (SERIAL_SUPPORT_INTERRUPT && SERIAL) with value n, but is currently being y-selected by the following symbols:
 - ZMK_USB_LOGGING (defined at /Users/jhummel2/wireless-ferris-sweep-zmk/zmk/app/Kconfig:547), with value y, direct dependencies y (value: y)
Parsing /Users/jhummel2/wireless-ferris-sweep-zmk/zmk/app/Kconfig
Loaded configuration '/Users/jhummel2/wireless-ferris-sweep-zmk/zmk/app/module/boards/nicekeyboards/nice_nano/nice_nano_2_0_0_defconfig'
Merged configuration '/Users/jhummel2/wireless-ferris-sweep-zmk/zmk/app/prj.conf'
Merged configuration '/Users/jhummel2/wireless-ferris-sweep-zmk/config/sleeky.conf'
Merged configuration '/Users/jhummel2/wireless-ferris-sweep-zmk/config/sleeky.conf'

error: Aborting due to Kconfig warnings

CMake Error at /Users/jhummel2/wireless-ferris-sweep-zmk/zephyr/cmake/modules/kconfig.cmake:396 (message):
  command failed with return code: 1
Call Stack (most recent call first):
  /Users/jhummel2/wireless-ferris-sweep-zmk/zephyr/cmake/modules/zephyr_default.cmake:134 (include)
  /Users/jhummel2/wireless-ferris-sweep-zmk/zephyr/share/zephyr-package/cmake/ZephyrConfig.cmake:66 (include)
  /Users/jhummel2/wireless-ferris-sweep-zmk/zephyr/share/zephyr-package/cmake/ZephyrConfig.cmake:92 (include_boilerplate)
  CMakeLists.txt:9 (find_package)


-- Configuring incomplete, errors occurred!
FATAL ERROR: command exited with status 1: /opt/homebrew/bin/cmake -DWEST_PYTHON=/Users/jhummel2/wireless-ferris-sweep-zmk/venv/bin/python3 -B/Users/jhummel2/wireless-ferris-sweep-zmk/zmk/app/build/left -GNinja -DBOARD=nice_nano -DSHIELD=sleeky_left -DZMK_CONFIG=/Users/jhummel2/wireless-ferris-sweep-zmk/config -DBOARD_ROOT=/Users/jhummel2/wireless-ferris-sweep-zmk -S/Users/jhummel2/wireless-ferris-sweep-zmk/zmk/app
-- west build: generating a build system
Loading Zephyr default modules (Zephyr base).
-- Application: /Users/jhummel2/wireless-ferris-sweep-zmk/zmk/app
-- CMake version: 4.2.1
-- Found Python3: /Users/jhummel2/wireless-ferris-sweep-zmk/venv/bin/python3 (found suitable version "3.13.5", minimum required is "3.10") found components: Interpreter
-- Cache files will be written to: /Users/jhummel2/Library/Caches/zephyr
-- Zephyr version: 4.1.0 (/Users/jhummel2/wireless-ferris-sweep-zmk/zephyr)
-- Found west (found suitable version "1.5.0", minimum required is "0.14.0")
-- Board: nice_nano, Revision: 2.0.0, qualifiers: nrf52840
-- Shield(s): sleeky_right
Checking /Users/jhummel2/wireless-ferris-sweep-zmk
Checking /Users/jhummel2/wireless-ferris-sweep-zmk/zmk/app/module
Checking /Users/jhummel2/wireless-ferris-sweep-zmk/zmk/app
found /Users/jhummel2/wireless-ferris-sweep-zmk/zmk/app
-- ZMK Config directory: /Users/jhummel2/wireless-ferris-sweep-zmk/config
-- ZMK Config Kconfig: /Users/jhummel2/wireless-ferris-sweep-zmk/config/sleeky.conf
-- ZMK Config Kconfig: /Users/jhummel2/wireless-ferris-sweep-zmk/config/sleeky.conf
nice_nano_nrf52840 for _nrf52840 for nice_nano with version 2.0.0
-- Using keymap file: /Users/jhummel2/wireless-ferris-sweep-zmk/config/sleeky.keymap
-- Using keymap file: /Users/jhummel2/wireless-ferris-sweep-zmk/config/sleeky.keymap
Checking /Users/jhummel2/wireless-ferris-sweep-zmk/zephyr
-- ZEPHYR_TOOLCHAIN_VARIANT not set, trying to locate Zephyr SDK
-- Found host-tools: zephyr 0.16.9 (/Users/jhummel2/zephyr-sdk-0.16.9)
-- Found toolchain: zephyr 0.16.9 (/Users/jhummel2/zephyr-sdk-0.16.9)
-- Found Dtc: /opt/homebrew/bin/dtc (found suitable version "1.7.2", minimum required is "1.4.6")
-- Found BOARD.dts: /Users/jhummel2/wireless-ferris-sweep-zmk/zmk/app/module/boards/nicekeyboards/nice_nano/nice_nano.dts
-- Found devicetree overlay: /Users/jhummel2/wireless-ferris-sweep-zmk/boards/shields/sleeky/sleeky_right.overlay
-- Found devicetree overlay: /Users/jhummel2/wireless-ferris-sweep-zmk/config/sleeky.keymap
'tapping_term_ms' is marked as deprecated in 'properties:' in /Users/jhummel2/wireless-ferris-sweep-zmk/zmk/app/dts/bindings/behaviors/zmk,behavior-hold-tap.yaml for node /behaviors/mod_tap.
'label' is marked as deprecated in 'properties:' in /Users/jhummel2/wireless-ferris-sweep-zmk/zmk/app/dts/bindings/behaviors/zmk,behavior-hold-tap.yaml for node /behaviors/bt_0_hold.
'label' is marked as deprecated in 'properties:' in /Users/jhummel2/wireless-ferris-sweep-zmk/zmk/app/dts/bindings/behaviors/zmk,behavior-hold-tap.yaml for node /behaviors/bt_1_hold.
'label' is marked as deprecated in 'properties:' in /Users/jhummel2/wireless-ferris-sweep-zmk/zmk/app/dts/bindings/behaviors/zmk,behavior-macro.yaml for node /macros/bt_prof_0.
'label' is marked as deprecated in 'properties:' in /Users/jhummel2/wireless-ferris-sweep-zmk/zmk/app/dts/bindings/behaviors/zmk,behavior-macro.yaml for node /macros/bt_prof_1.
-- Generated zephyr.dts: /Users/jhummel2/wireless-ferris-sweep-zmk/zmk/app/build/right/zephyr/zephyr.dts
-- Generated pickled edt: /Users/jhummel2/wireless-ferris-sweep-zmk/zmk/app/build/right/zephyr/edt.pickle
-- Generated devicetree_generated.h: /Users/jhummel2/wireless-ferris-sweep-zmk/zmk/app/build/right/zephyr/include/generated/zephyr/devicetree_generated.h
-- Including generated dts.cmake file: /Users/jhummel2/wireless-ferris-sweep-zmk/zmk/app/build/right/zephyr/dts.cmake

warning: Deprecated symbol KSCAN is enabled.


warning: USB_CDC_ACM (defined at subsys/usb/device/class/Kconfig.cdc:6) has direct dependencies SERIAL && DT_HAS_ZEPHYR_CDC_ACM_UART_ENABLED && USB_DEVICE_STACK with value n, but is currently being y-selected by the following symbols:
 - ZMK_USB_LOGGING (defined at /Users/jhummel2/wireless-ferris-sweep-zmk/zmk/app/Kconfig:547), with value y, direct dependencies y (value: y)

warning: UART_CONSOLE (defined at drivers/console/Kconfig:42) has direct dependencies SERIAL && SERIAL_HAS_DRIVER && CONSOLE with value n, but is currently being y-selected by the following symbols:
 - ZMK_USB_LOGGING (defined at /Users/jhummel2/wireless-ferris-sweep-zmk/zmk/app/Kconfig:547), with value y, direct dependencies y (value: y)

warning: UART_INTERRUPT_DRIVEN (defined at boards/shields/sparkfun_sara_r4/Kconfig.defconfig:24, boards/shields/wnc_m14a2a/Kconfig.defconfig:17, soc/quicklogic/eos_s3/Kconfig.defconfig:14, drivers/serial/Kconfig:72) has direct dependencies (NETWORKING && SHIELD_SPARKFUN_SARA_R4) || (NETWORKING && SHIELD_WNC_M14A2A) || (SERIAL && SOC_EOS_S3) || (SERIAL_SUPPORT_INTERRUPT && SERIAL) with value n, but is currently being y-selected by the following symbols:
 - ZMK_USB_LOGGING (defined at /Users/jhummel2/wireless-ferris-sweep-zmk/zmk/app/Kconfig:547), with value y, direct dependencies y (value: y)
Parsing /Users/jhummel2/wireless-ferris-sweep-zmk/zmk/app/Kconfig
Loaded configuration '/Users/jhummel2/wireless-ferris-sweep-zmk/zmk/app/module/boards/nicekeyboards/nice_nano/nice_nano_2_0_0_defconfig'
Merged configuration '/Users/jhummel2/wireless-ferris-sweep-zmk/zmk/app/prj.conf'
Merged configuration '/Users/jhummel2/wireless-ferris-sweep-zmk/config/sleeky.conf'
Merged configuration '/Users/jhummel2/wireless-ferris-sweep-zmk/config/sleeky.conf'

error: Aborting due to Kconfig warnings

CMake Error at /Users/jhummel2/wireless-ferris-sweep-zmk/zephyr/cmake/modules/kconfig.cmake:396 (message):
  command failed with return code: 1
Call Stack (most recent call first):
  /Users/jhummel2/wireless-ferris-sweep-zmk/zephyr/cmake/modules/zephyr_default.cmake:134 (include)
  /Users/jhummel2/wireless-ferris-sweep-zmk/zephyr/share/zephyr-package/cmake/ZephyrConfig.cmake:66 (include)
  /Users/jhummel2/wireless-ferris-sweep-zmk/zephyr/share/zephyr-package/cmake/ZephyrConfig.cmake:92 (include_boilerplate)
  CMakeLists.txt:9 (find_package)


-- Configuring incomplete, errors occurred!
FATAL ERROR: command exited with status 1: /opt/homebrew/bin/cmake -DWEST_PYTHON=/Users/jhummel2/wireless-ferris-sweep-zmk/venv/bin/python3 -B/Users/jhummel2/wireless-ferris-sweep-zmk/zmk/app/build/right -GNinja -DBOARD=nice_nano -DSHIELD=sleeky_right -DZMK_CONFIG=/Users/jhummel2/wireless-ferris-sweep-zmk/config -DBOARD_ROOT=/Users/jhummel2/wireless-ferris-sweep-zmk -S/Users/jhummel2/wireless-ferris-sweep-zmk/zmk/app
cp: zmk/app/build/left/zephyr/zmk.uf2: No such file or directory
cp: zmk/app/build/right/zephyr/zmk.uf2: No such file or directory

Build complete!
Left firmware: build/left.uf2
Right firmware: build/right.uf2
